Script started on 2019-09-08 19:42:48+0530
]0;smit@smit-Lenovo-B570: ~/Study/OS/MyShell[01;32msmit@smit-Lenovo-B570[00m:[01;34m~/Study/OS/MyShell[00m$ script
Script started, file is typescript
]0;smit@smit-Lenovo-B570: ~/Study/OS/MyShell[01;32msmit@smit-Lenovo-B570[00m:[01;34m~/Study/OS/MyShell[00m$ hello

Command 'hello' not found, but can be installed with:

sudo apt install hello            
sudo apt install hello-traditional

]0;smit@smit-Lenovo-B570: ~/Study/OS/MyShell[01;32msmit@smit-Lenovo-B570[00m:[01;34m~/Study/OS/MyShell[00m$ w[Kecho hello
hello
]0;smit@smit-Lenovo-B570: ~/Study/OS/MyShell[01;32msmit@smit-Lenovo-B570[00m:[01;34m~/Study/OS/MyShell[00m$ 
]0;smit@smit-Lenovo-B570: ~/Study/OS/MyShell[01;32msmit@smit-Lenovo-B570[00m:[01;34m~/Study/OS/MyShell[00m$ eco[Kho bye
bye
]0;smit@smit-Lenovo-B570: ~/Study/OS/MyShell[01;32msmit@smit-Lenovo-B570[00m:[01;34m~/Study/OS/MyShell[00m$ exit
exit
Script done, file is typescript
]0;smit@smit-Lenovo-B570: ~/Study/OS/MyShell[01;32msmit@smit-Lenovo-B570[00m:[01;34m~/Study/OS/MyShell[00m$ git add .
]0;smit@smit-Lenovo-B570: ~/Study/OS/MyShell[01;32msmit@smit-Lenovo-B570[00m:[01;34m~/Study/OS/MyShell[00m$ git status
On branch master
Your branch is up to date with 'origin/master'.

Changes to be committed:
  (use "git reset HEAD <file>..." to unstage)

	[32mmodified:   history.txt[m
	[32mnew file:   script.txt[m
	[32mnew file:   typescript[m

]0;smit@smit-Lenovo-B570: ~/Study/OS/MyShell[01;32msmit@smit-Lenovo-B570[00m:[01;34m~/Study/OS/MyShell[00m$ git commit -m "script_record[K[K[K[K[K[K[K[K[K[K[K[K[Krecord"
[master ee35e49] record
 3 files changed, 431 insertions(+), 91 deletions(-)
 rewrite history.txt (88%)
 create mode 100644 script.txt
 create mode 100644 typescript
]0;smit@smit-Lenovo-B570: ~/Study/OS/MyShell[01;32msmit@smit-Lenovo-B570[00m:[01;34m~/Study/OS/MyShell[00m$ git push origin master
Username for 'https://github.com': smit-khanpara
Password for 'https://smit-khanpara@github.com': 
Counting objects: 5, done.
Delta compression using up to 4 threads.
Compressing objects:  20% (1/5)   Compressing objects:  40% (2/5)   Compressing objects:  60% (3/5)   Compressing objects:  80% (4/5)   Compressing objects: 100% (5/5)   Compressing objects: 100% (5/5), done.
Writing objects:  20% (1/5)   Writing objects:  40% (2/5)   Writing objects:  60% (3/5)   Writing objects:  80% (4/5)   Writing objects: 100% (5/5)   Writing objects: 100% (5/5), 1.64 KiB | 839.00 KiB/s, done.
Total 5 (delta 0), reused 0 (delta 0)
To https://github.com/smit-khanpara/MyShell.git
   fb768de..ee35e49  master -> master
]0;smit@smit-Lenovo-B570: ~/Study/OS/MyShell[01;32msmit@smit-Lenovo-B570[00m:[01;34m~/Study/OS/MyShell[00m$ git push origin mastercommit -m "record"[12Pstatus[1Padd .
]0;smit@smit-Lenovo-B570: ~/Study/OS/MyShell[01;32msmit@smit-Lenovo-B570[00m:[01;34m~/Study/OS/MyShell[00m$ git add .push origin mastercommit -m "record"[12Pstatus
On branch master
Your branch is up to date with 'origin/master'.

Changes to be committed:
  (use "git reset HEAD <file>..." to unstage)

	[32mmodified:   bash_main.cpp[m

]0;smit@smit-Lenovo-B570: ~/Study/OS/MyShell[01;32msmit@smit-Lenovo-B570[00m:[01;34m~/Study/OS/MyShell[00m$ git status[1Padd .push origin mastercommit -m "record"
[master 9b232c4] record
 1 file changed, 217 insertions(+), 41 deletions(-)
]0;smit@smit-Lenovo-B570: ~/Study/OS/MyShell[01;32msmit@smit-Lenovo-B570[00m:[01;34m~/Study/OS/MyShell[00m$ git commit -m "record"[12Pstatus[1Padd .push origin master
Username for 'https://github.com': smit-khanpara
Password for 'https://smit-khanpara@github.com': 
Counting objects: 3, done.
Delta compression using up to 4 threads.
Compressing objects:  33% (1/3)   Compressing objects:  66% (2/3)   Compressing objectCounting objects: 3, done.
Delta compression using up to 4 threads.
Compressing objects:  33% (1/3)   Compressing objects:  66% (2/3)   Compressing objects: 100% (3/3)   Compressing objects: 100% (3/3), done.
Writing objects:  33% (1/3)   Writing objects:  66% (2/3)   Writing objects: 100% (3/3)   Writing objects: 100% (3/3), 1.50 KiB | 769.00 KiB/s, done.
Total 3 (delta 2), reused 0 (delta 0)
remote: Resolving deltas:   0% (0/2)[Kremote: Resolving deltas:  50% (1/2)[Kremote: Resolving deltas: 100% (2/2)[Kremote: Resolving deltas: 100% (2/2), completed with 2 local objects.[K
To https://github.com/smit-khanpara/MyShell.git
   ee35e49..9b232c4  master -> master
]0;smit@smit-Lenovo-B570: ~/Study/OS/MyShell[01;32msmit@smit-Lenovo-B570[00m:[01;34m~/Study/OS/MyShell[00m$ export aa
]0;smit@smit-Lenovo-B570: ~/Study/OS/MyShell[01;32msmit@smit-Lenovo-B570[00m:[01;34m~/Study/OS/MyShell[00m$ echo $aa

]0;smit@smit-Lenovo-B570: ~/Study/OS/MyShell[01;32msmit@smit-Lenovo-B570[00m:[01;34m~/Study/OS/MyShell[00m$ a==[K[Ka =3

Command 'aa' not found, but can be installed with:

sudo apt install astronomical-almanac

]0;smit@smit-Lenovo-B570: ~/Study/OS/MyShell[01;32msmit@smit-Lenovo-B570[00m:[01;34m~/Study/OS/MyShell[00m$ aa =3[1P=3
]0;smit@smit-Lenovo-B570: ~/Study/OS/MyShell[01;32msmit@smit-Lenovo-B570[00m:[01;34m~/Study/OS/MyShell[00m$ echo $aa
3
]0;smit@smit-Lenovo-B570: ~/Study/OS/MyShell[01;32msmit@smit-Lenovo-B570[00m:[01;34m~/Study/OS/MyShell[00m$ export x y
]0;smit@smit-Lenovo-B570: ~/Study/OS/MyShell[01;32msmit@smit-Lenovo-B570[00m:[01;34m~/Study/OS/MyShell[00m$ export
declare -x CINNAMON_VERSION="4.0.10"
declare -x COLORTERM="truecolor"
declare -x DBUS_SESSION_BUS_ADDRESS="unix:path=/run/user/1000/bus"
declare -x DEFAULTS_PATH="/usr/share/gconf/cinnamon.default.path"
declare -x DESKTOP_SESSION="cinnamon"
declare -x DISPLAY=":0"
declare -x GDMSESSION="cinnamon"
declare -x GDM_LANG="en_US"
declare -x GJS_DEBUG_OUTPUT="stderr"
declare -x GJS_DEBUG_TOPICS="JS ERROR;JS LOG"
declare -x GNOME_DESKTOP_SESSION_ID="this-is-deprecated"
declare -x GNOME_TERMINAL_SCREEN="/org/gnome/Terminal/screen/f201e852_7ff0_473f_8d81_f9de19daf431"
declare -x GNOME_TERMINAL_SERVICE=":1.65"
declare -x GPG_AGENT_INFO="/run/user/1000/gnupg/S.gpg-agent:0:1"
declare -x GTK_MODULES="gail:atk-bridge"
declare -x GTK_OVERLAY_SCROLLING="1"
declare -x HOME="/home/smit"
declare -x LANG="en_IN"
declare -x LANGUAGE="en_IN:en"
declare -x LESSCLOSE="/usr/bin/lesspipe %s %s"
declare -x LESSOPEN="| /usr/bin/lesspipe %s"
declare -x LOGNAME="smit"
declare -x LS_COLORS="rs=0:di=01;34:ln=01;36:mh=00:pi=40;33:so=01;35:do=01;35:bd=40;33;01:cd=40;33;01:or=40;31;01:mi=00:su=37;41:sg=30;43:ca=30;41:tw=30;42:ow=34;42:st=37;44:ex=01;32:*.tar=01;31:*.tgz=01;31:*.arc=01;31:*.arj=01;31:*.taz=01;31:*.lha=01;31:*.lz4=01;31:*.lzh=01;31:*.lzma=01;31:*.tlz=01;31:*.txz=01;31:*.tzo=01;31:*.t7z=01;31:*.zip=01;31:*.z=01;31:*.Z=01;31:*.dz=01;31:*.gz=01;31:*.lrz=01;31:*.lz=01;31:*.lzo=01;31:*.xz=01;31:*.zst=01;31:*.tzst=01;31:*.bz2=01;31:*.bz=01;31:*.tbz=01;31:*.tbz2=01;31:*.tz=01;31:*.deb=01;31:*.rpm=01;31:*.jar=01;31:*.war=01;31:*.ear=01;31:*.sar=01;31:*.rar=01;31:*.alz=01;31:*.ace=01;31:*.zoo=01;31:*.cpio=01;31:*.7z=01;31:*.rz=01;31:*.cab=01;31:*.wim=01;31:*.swm=01;31:*.dwm=01;31:*.esd=01;31:*.jpg=01;35:*.jpeg=01;35:*.mjpg=01;35:*.mjpeg=01;35:*.gif=01;35:*.bmp=01;35:*.pbm=01;35:*.pgm=01;35:*.ppm=01;35:*.tga=01;35:*.xbm=01;35:*.xpm=01;35:*.tif=01;35:*.tiff=01;35:*.png=01;35:*.svg=01;35:*.svgz=01;35:*.mng=01;35:*.pcx=01;35:*.mov=01;35:*.mpg=01;35:*.mpeg=01;35:*.m2v=01;35:*.mkv=01;35:*.webm=01;35:*.ogm=01;35:*.mp4=01;35:*.m4v=01;35:*.mp4v=01;35:*.vob=01;35:*.qt=01;35:*.nuv=01;35:*.wmv=01;35:*.asf=01;35:*.rm=01;35:*.rmvb=01;35:*.flc=01;35:*.avi=01;35:*.fli=01;35:*.flv=01;35:*.gl=01;35:*.dl=01;35:*.xcf=01;35:*.xwd=01;35:*.yuv=01;35:*.cgm=01;35:*.emf=01;35:*.ogv=01;35:*.ogx=01;35:*.aac=00;36:*.au=00;36:*.flac=00;36:*.m4a=00;36:*.mid=00;36:*.midi=00;36:*.mka=00;36:*.mp3=00;36:*.mpc=00;36:*.ogg=00;36:*.ra=00;36:*.wav=00;36:*.oga=00;36:*.opus=00;36:*.spx=00;36:*.xspf=00;36:"
declare -x MANDATORY_PATH="/usr/share/gconf/cinnamon.mandatory.path"
declare -x OLDPWD="/home/smit/Study/OS"
declare -x PATH="/usr/local/sbin:/usr/local/bin:/usr/sbin:/usr/bin:/sbin:/bin:/usr/games:/usr/local/games"
declare -x PWD="/home/smit/Study/OS/MyShell"
declare -x QT_ACCESSIBILITY="1"
declare -x QT_QPA_PLATFORMTHEME="qt5ct"
declare -x SESSION_MANAGER="local/smit-Lenovo-B570:@/tmp/.ICE-unix/1116,unix/smit-Lenovo-B570:/tmp/.ICE-unix/1116"
declare -x SHELL="/bin/bash"
declare -x SHLVL="7"
declare -x SSH_AGENT_PID="1182"
declare -x SSH_AUTH_SOCK="/run/user/1000/keyring/ssh"
declare -x TERM="xterm-256color"
declare -x USER="smit"
declare -x VTE_VERSION="5202"
declare -x XAUTHORITY="/home/smit/.Xauthority"
declare -x XDG_CONFIG_DIRS="/etc/xdg/xdg-cinnamon:/etc/xdg"
declare -x XDG_CURRENT_DESKTOP="X-Cinnamon"
declare -x XDG_DATA_DIRS="/usr/share/cinnamon:/usr/share/gnome:/home/smit/.local/share/flatpak/exports/share:/var/lib/flatpak/exports/share:/usr/local/share:/usr/share"
declare -x XDG_GREETER_DATA_DIR="/var/lib/lightdm-data/smit"
declare -x XDG_RUNTIME_DIR="/run/user/1000"
declare -x XDG_SEAT="seat0"
declare -x XDG_SEAT_PATH="/org/freedesktop/DisplayManager/Seat0"
declare -x XDG_SESSION_DESKTOP="cinnamon"
declare -x XDG_SESSION_ID="c2"
declare -x XDG_SESSION_PATH="/org/freedesktop/DisplayManager/Session0"
declare -x XDG_SESSION_TYPE="x11"
declare -x XDG_VTNR="7"
declare -x aa="3"
declare -x x
declare -x y
]0;smit@smit-Lenovo-B570: ~/Study/OS/MyShell[01;32msmit@smit-Lenovo-B570[00m:[01;34m~/Study/OS/MyShell[00m$ export x
]0;smit@smit-Lenovo-B570: ~/Study/OS/MyShell[01;32msmit@smit-Lenovo-B570[00m:[01;34m~/Study/OS/MyShell[00m$ export x[K
declare -x CINNAMON_VERSION="4.0.10"
declare -x COLORTERM="truecolor"
declare -x DBUS_SESSION_BUS_ADDRESS="unix:path=/run/user/1000/bus"
declare -x DEFAULTS_PATH="/usr/share/gconf/cinnamon.default.path"
declare -x DESKTOP_SESSION="cinnamon"
declare -x DISPLAY=":0"
declare -x GDMSESSION="cinnamon"
declare -x GDM_LANG="en_US"
declare -x GJS_DEBUG_OUTPUT="stderr"
declare -x GJS_DEBUG_TOPICS="JS ERROR;JS LOG"
declare -x GNOME_DESKTOP_SESSION_ID="this-is-deprecated"
declare -x GNOME_TERMINAL_SCREEN="/org/gnome/Terminal/screen/f201e852_7ff0_473f_8d81_f9de19daf431"
declare -x GNOME_TERMINAL_SERVICE=":1.65"
declare -x GPG_AGENT_INFO="/run/user/1000/gnupg/S.gpg-agent:0:1"
declare -x GTK_MODULES="gail:atk-bridge"
declare -x GTK_OVERLAY_SCROLLING="1"
declare -x HOME="/home/smit"
declare -x LANG="en_IN"
declare -x LANGUAGE="en_IN:en"
declare -x LESSCLOSE="/usr/bin/lesspipe %s %s"
declare -x LESSOPEN="| /usr/bin/lesspipe %s"
declare -x LOGNAME="smit"
declare -x LS_COLORS="rs=0:di=01;34:ln=01;36:mh=00:pi=40;33:so=01;35:do=01;35:bd=40;33;01:cd=40;33;01:or=40;31;01:mi=00:su=37;41:sg=30;43:ca=30;41:tw=30;42:ow=34;42:st=37;44:ex=01;32:*.tar=01;31:*.tgz=01;31:*.arc=01;31:*.arj=01;31:*.taz=01;31:*.lha=01;31:*.lz4=01;31:*.lzh=01;31:*.lzma=01;31:*.tlz=01;31:*.txz=01;31:*.tzo=01;31:*.t7z=01;31:*.zip=01;31:*.z=01;31:*.Z=01;31:*.dz=01;31:*.gz=01;31:*.lrz=01;31:*.lz=01;31:*.lzo=01;31:*.xz=01;31:*.zst=01;31:*.tzst=01;31:*.bz2=01;31:*.bz=01;31:*.tbz=01;31:*.tbz2=01;31:*.tz=01;31:*.deb=01;31:*.rpm=01;31:*.jar=01;31:*.war=01;31:*.ear=01;31:*.sar=01;31:*.rar=01;31:*.alz=01;31:*.ace=01;31:*.zoo=01;31:*.cpio=01;31:*.7z=01;31:*.rz=01;31:*.cab=01;31:*.wim=01;31:*.swm=01;31:*.dwm=01;31:*.esd=01;31:*.jpg=01;35:*.jpeg=01;35:*.mjpg=01;35:*.mjpeg=01;35:*.gif=01;35:*.bmp=01;35:*.pbm=01;35:*.pgm=01;35:*.ppm=01;35:*.tga=01;35:*.xbm=01;35:*.xpm=01;35:*.tif=01;35:*.tiff=01;35:*.png=01;35:*.svg=01;35:*.svgz=01;35:*.mng=01;35:*.pcx=01;35:*.mov=01;35:*.mpg=01;35:*.mpeg=01;35:*.m2v=01;35:*.mkv=01;35:*.webm=01;35:*.ogm=01;35:*.mp4=01;35:*.m4v=01;35:*.mp4v=01;35:*.vob=01;35:*.qt=01;35:*.nuv=01;35:*.wmv=01;35:*.asf=01;35:*.rm=01;35:*.rmvb=01;35:*.flc=01;35:*.avi=01;35:*.fli=01;35:*.flv=01;35:*.gl=01;35:*.dl=01;35:*.xcf=01;35:*.xwd=01;35:*.yuv=01;35:*.cgm=01;35:*.emf=01;35:*.ogv=01;35:oga=00;36:*.opus=00;36:*.spx=00;36:*.xspf=00;36:"
declare -x MANDATORY_PATH="/usr/share/gconf/cinnamon.mandatory.path"
declare -x OLDPWD="/home/smit/Study/OS"
declare -x PATH="/usr/local/sbin:/usr/local/bin:/usr/sbin:/usr/bin:/sbin:/bin:/usr/games:/usr/local/games"
declare -x PWD="/home/smit/Study/OS/MyShell"
declare -x QT_ACCESSIBILITY="1"
declare -x QT_QPA_PLATFORMTHEME="qt5ct"
declare -x SESSION_MANAGER="local/smit-Lenovo-B570:@/tmp/.ICE-unix/1116,unix/smit-Lenovo-B570:/tmp/.ICE-unix/1116"
declare -x SHELL="/bin/bash"
declare -x SHLVL="7"
declare -x SSH_AGENT_PID="1182"
declare -x SSH_AUTH_SOCK="/run/user/1000/keyring/ssh"
declare -x TERM="xterm-256color"
declare -x USER="smit"
declare -x VTE_VERSION="5202"
declare -x XAUTHORITY="/home/smit/.Xauthority"
declare -x XDG_CONFIG_DIRS="/etc/xdg/xdg-cinnamon:/etc/xdg"
declare -x XDG_CURRENT_DESKTOP="X-Cinnamon"
declare -x XDG_DATA_DIRS="/usr/share/cinnamon:/usr/share/gnome:/home/smit/.local/share/flatpak/exports/share:/var/lib/flatpak/exports/share:/usr/local/share:/usr/share"
declare -x XDG_GREETER_DATA_DIR="/var/lib/lightdm-data/smit"
declare -x XDG_RUNTIME_DIR="/run/user/1000"
declare -x XDG_SEAT="seat0"
declare -x XDG_SEAT_PATH="/org/freedesktop/DisplayManager/Seat0"
declare -x XDG_SESSION_DESKTOP="cinnamon"
declare -x XDG_SESSION_ID="c2"
declare -x XDG_SESSION_PATH="/org/freedesktop/DisplayManager/Session0"
declare -x XDG_SESSION_TYPE="x11"
declare -x XDG_VTNR="7"
declare -x aa="3"
declare -x x
declare -x y
]0;smit@smit-Lenovo-B570: ~/Study/OS/MyShell[01;32msmit@smit-Lenovo-B570[00m:[01;34m~/Study/OS/MyShell[00m$ exit

Script done on 2019-09-09 03:09:51+0530
